src/components/Auth.tsx(287,1): error TS1160: Unterminated template literal.
